// Jest Snapshot v1, https://goo.gl/fbAQLP

exports[`CustomerErasure ::buildReference should build reference 1`] = `"resource(id in (\\"id1\\", \\"id2\\", \\"id3\\"))"`;

exports[`CustomerErasure ::buildRequest should build request 1`] = `
Object {
  "method": "GET",
  "uri": "example.com",
}
`;

exports[`CustomerErasure ::constructor should throw error if no \`apiConfig\` in \`options\` parameter 1`] = `"The constructor must be passed an \`apiConfig\` object"`;

exports[`CustomerErasure ::deleteAll should throw error if no customerID is passed 1`] = `"missing \`customerId\` argument"`;

exports[`CustomerErasure ::getCustomerData should throw error if no customerID is passed 1`] = `"missing \`customerId\` argument"`;

exports[`CustomerErasure ::getCustomerData with status code 200 should fetch data 1`] = `
Array [
  Object {
    "id": "id1",
    "version": 1,
  },
  Object {
    "id": "id2",
    "version": 1,
  },
  Object {
    "id": "id1",
    "version": 1,
  },
  Object {
    "id": "id2",
    "version": 1,
  },
  Object {
    "id": "id1",
    "version": 1,
  },
  Object {
    "id": "id2",
    "version": 1,
  },
  Object {
    "id": "id1",
    "version": 1,
  },
  Object {
    "id": "id2",
    "version": 1,
  },
  Object {
    "id": "id1",
    "version": 1,
  },
  Object {
    "id": "id2",
    "version": 1,
  },
  Object {
    "id": "id1",
    "version": 1,
  },
  Object {
    "id": "id2",
    "version": 1,
  },
  Object {
    "id": "id1",
    "version": 1,
  },
  Object {
    "id": "id2",
    "version": 1,
  },
]
`;

exports[`CustomerErasure ::getCustomerData with status code 500 should throw internal server error 1`] = `"Request returned status code 500"`;
