// Jest Snapshot v1, https://goo.gl/fbAQLP

exports[`Writer ::writeToSingleCsvFile write products to a single file with specified delimiter 1`] = `
"id;key;productType;variantId;sku;images;anotherAddedAttr;article;designer;color
\\"12345ab-id\\";\\"product-key\\";\\"product-type-1\\";1;\\"A0E200000001YKI\\";\\"image-url1\\";\\"\\";\\"sample 089 WHT\\";;\\"white\\"
;;;6;\\"A0E200001YKI123\\";\\"https://image1.de;myImage.com\\";;\\"sample 089 WHT\\";;\\"white\\"
\\"75345ab-id\\";\\"product-key-2\\";\\"product-type-2\\";1;\\"A0E200000001YKI\\";\\"https://example.com/foobar/commer.jpg|3|4\\";\\"\\";\\"sample 089 WHT\\";\\"michaelkors\\";\\"white\\"
;;;3;\\"A0E200001YKI123\\";\\"https://example.com/foobar/commer234.jpg|3|3\\";;;\\"michaelkors\\";
\\"another5ab-id\\";\\"product-key\\";\\"product-type-1\\";1;\\"A0E200001YKI\\";;\\"\\";\\"sample 777 WHT\\";;\\"grune\\"
;;;21;\\"PPP0001YKI123\\";\\"https://eg993\\";;;;\\"blau\\"
"
`;

exports[`Writer ::writeToSingleCsvFile write products to a single file with specified headers 1`] = `
"id,key,productType,variantId,sku,images,anotherAddedAttr,article,designer,color
\\"12345ab-id\\",\\"product-key\\",\\"product-type-1\\",1,\\"A0E200000001YKI\\",\\"image-url1\\",\\"\\",\\"sample 089 WHT\\",,\\"white\\"
,,,6,\\"A0E200001YKI123\\",\\"https://image1.de;myImage.com\\",,\\"sample 089 WHT\\",,\\"white\\"
\\"75345ab-id\\",\\"product-key-2\\",\\"product-type-2\\",1,\\"A0E200000001YKI\\",\\"https://example.com/foobar/commer.jpg|3|4\\",\\"\\",\\"sample 089 WHT\\",\\"michaelkors\\",\\"white\\"
,,,3,\\"A0E200001YKI123\\",\\"https://example.com/foobar/commer234.jpg|3|3\\",,,\\"michaelkors\\",
\\"another5ab-id\\",\\"product-key\\",\\"product-type-1\\",1,\\"A0E200001YKI\\",,\\"\\",\\"sample 777 WHT\\",,\\"grune\\"
,,,21,\\"PPP0001YKI123\\",\\"https://eg993\\",,,,\\"blau\\"
"
`;

exports[`Writer ::writeToZipFile write products to multiple files based on productTypes 1`] = `
"\\"id\\",\\"key\\",\\"productType\\",\\"variantId\\",\\"sku\\",\\"images\\",\\"addedAttr\\",\\"anotherAddedAttr\\",\\"article\\",\\"color\\",\\"colorFreeDefinition.en\\"
\\"12345ab-id\\",\\"product-key\\",\\"product-type-1\\",1,\\"A0E200000001YKI\\",\\"image-url1\\",\\"\\",\\"\\",\\"sample 089 WHT\\",\\"white\\",\\"black-white\\"
,,,6,\\"A0E200001YKI123\\",\\"https://image1.de;myImage.com\\",,,\\"sample 089 WHT\\",\\"white\\",\\"black-white\\"
\\"another5ab-id\\",\\"product-key\\",\\"product-type-1\\",1,\\"A0E200001YKI\\",,\\"\\",\\"\\",\\"sample 777 WHT\\",\\"grune\\",\\"grey-white\\"
,,,21,\\"PPP0001YKI123\\",\\"https://eg993\\",,,,\\"blau\\",\\"schwarz-weiß\\"
"
`;

exports[`Writer ::writeToZipFile write products to multiple files based on productTypes 2`] = `
"\\"id\\",\\"key\\",\\"productType\\",\\"variantId\\",\\"sku\\",\\"images\\",\\"addedAttr\\",\\"anotherAddedAttr\\",\\"article\\",\\"color\\",\\"colorFreeDefinition.en\\",\\"colorFreeDefinition.de\\",\\"designer\\"
\\"75345ab-id\\",\\"product-key-2\\",\\"product-type-2\\",1,\\"A0E200000001YKI\\",\\"https://example.com/foobar/commer.jpg|3|4\\",\\"\\",\\"\\",\\"sample 089 WHT\\",\\"white\\",\\"black-white\\",\\"schwarz-weiß\\",\\"michaelkors\\"
,,,3,\\"A0E200001YKI123\\",\\"https://example.com/foobar/commer234.jpg|3|3\\",,,,,,\\"schwarz-weiß\\",\\"michaelkors\\"
"
`;
