// Jest Snapshot v1, https://goo.gl/fbAQLP

exports[`withFullDataErasure should set the dataErasure option to true 1`] = `"dataErasure=true"`;
