// Jest Snapshot v1, https://goo.gl/fbAQLP

exports[`Category Exporter CLI basic functionality should print usage information given the help flag 1`] = `
"
Usage: category-exporter [options]
Exports categories from the commercetools platform.

Options:
      --help         Show help                                         [boolean]
      --version      Show version number                               [boolean]
  -o, --output       Path to output file.                    [default: \\"stdout\\"]
      --apiUrl       The host URL of the HTTP API service.
                     [default: \\"https://api.europe-west1.gcp.commercetools.com\\"]
      --authUrl      The host URL of the OAuth API service.
                    [default: \\"https://auth.europe-west1.gcp.commercetools.com\\"]
      --accessToken  CTP client access token
                     Required scopes: ['view_products', 'manage_products']
  -p, --projectKey   API project key.                                 [required]
  -w, --where        Specify where predicate.
      --logLevel     Logging level: error, warn, info or debug.[default: \\"info\\"]
      --prettyLogs   Pretty print logs to the terminal                 [boolean]
      --logFile      Path to where to save logs file.
                                              [default: \\"category-exporter.log\\"]
"
`;
