// Jest Snapshot v1, https://goo.gl/fbAQLP

exports[`Product Exporter CLI basic functionality should print usage information given the help flag 1`] = `
"
Usage: custom-objects-exporter [options]
Export custom objects from the commercetools platform

Options:
  --help            Show help text.                                    [boolean]
  --version         Show version number                                [boolean]
  --output, -o      Path to output file.                     [default: \\"stdout\\"]
  --apiUrl          The host URL of the HTTP API service.
                                              [default: \\"https://api.sphere.io\\"]
  --authUrl         The host URL of the OAuth API service.
                                             [default: \\"https://auth.sphere.io\\"]
  --accessToken     CTP client access token.
  --projectKey, -p  API project key.                                  [required]
  --where, -w       Specify where predicate.
  --logLevel        Logging level: error, warn, info or debug. [default: \\"info\\"]
  --prettyLogs      Pretty print logs to the terminal                  [boolean]
  --logFile         Path to where to save logs file.
                                 [string] [default: \\"custom-objects-export.log\\"]

"
`;
