// Jest Snapshot v1, https://goo.gl/fbAQLP

exports[`StockExporter CLI CLI basic functionality should accept query 1`] = `
"info Done exporting inventories.
"
`;

exports[`StockExporter CLI CLI basic functionality should export inventories to file as json 1`] = `
"info Done exporting inventories.
"
`;

exports[`StockExporter CLI CLI basic functionality should print usage information given the help flag 1`] = `
"

Usage: inventoriesexporter [options]
Exports inventories from the commercetools platform.

Options:
      --help         Show help                                         [boolean]
      --version      Show version number                               [boolean]
  -o, --outputFile   Path to output file.                    [default: \\"stdout\\"]
      --apiUrl       The host URL of the HTTP API service.
                     [default: \\"https://api.europe-west1.gcp.commercetools.com\\"]
      --authUrl      The host URL of the OAuth API service.
                    [default: \\"https://auth.europe-west1.gcp.commercetools.com\\"]
  -d, --delimiter    Used CSV delimiter.                          [default: \\",\\"]
      --accessToken  CTP client access token
  -p, --projectKey   API project key.                                 [required]
  -c, --channelKey   Channel key to use as filter for result to export.
                     Useful if you only have channel key but not id.
                     Can be used with the query flag

  -q, --query        Filter query for inventories:
                     dev.commercetools.com/http-api-projects-inventory.html#que
                     ry-inventory
                     can be used with channelKey flag

  -f, --format       Format for export[choices: \\"csv\\", \\"json\\"] [default: \\"json\\"]
  -t, --template     Path to a CSV template file with headers which should be
                     exported.
      --logLevel     Logging level: error, warn, info or verbose.
                                                               [default: \\"info\\"]
      --logFile      Path to file where to save logs.
                                           [default: \\"inventories-exporter.log\\"]
"
`;
