// Jest Snapshot v1, https://goo.gl/fbAQLP

exports[`Price Exporter CLI basic functionality should print usage information given the help flag 1`] = `
"
Usage: price-exporter [options]
Exports prices from the commercetools platform

Options:
      --help          Show help                                        [boolean]
      --version       Show version number                              [boolean]
  -i, --input         Path to CSV template.
  -o, --output        Path to output file.                   [default: \\"stdout\\"]
      --apiUrl        The host URL of the HTTP API service.
                     [default: \\"https://api.europe-west1.gcp.commercetools.com\\"]
      --authUrl       The host URL of the OAuth API service.
                    [default: \\"https://auth.europe-west1.gcp.commercetools.com\\"]
  -p, --projectKey    API project key.                                [required]
      --accessToken   CTP client access token.
                      Required scopes: ['view_products', 'view_customers',
                      'view_types']
  -d, --delimiter     Used CSV delimiter for template and output. [default: \\",\\"]
  -w, --where         Where predicate for products from which to fetch prices.
  -f, --exportFormat  Format for export.
                                      [choices: \\"csv\\", \\"json\\"] [default: \\"json\\"]
  -s, --staged        Specify if prices should be from all or published
                      products.                                        [boolean]
      --logLevel      Logging level: error, warn, info or verbose.
                                                               [default: \\"info\\"]
      --logFile       Path to file where to save logs.
                                                 [default: \\"price-exporter.log\\"]
"
`;

exports[`Price Exporter CSV export should resolve refs and export only fields in template 1`] = `
"info Starting Export
info Export operation completed successfully
"
`;

exports[`Price Exporter JSON export should not resolve refs and export prices to file as json 1`] = `
"info Starting Export
info Export operation completed successfully
"
`;
