// Jest Snapshot v1, https://goo.gl/fbAQLP

exports[`XLSX and CLI Tests CLI basic functionality should print usage information given the help flag 1`] = `
"
Usage: product-json-to-xlsx [options]
Convert commercetools products from JSON to XLSX

Options:
  --help                          Show help                            [boolean]
  --version                       Show version number                  [boolean]
  --projectKey, -p                API project key            [string] [required]
  --apiUrl                        The host URL of the HTTP API service
                             [string] [default: \\"https://api.commercetools.com\\"]
  --authUrl                       The host URL of the OAuth API service
                            [string] [default: \\"https://auth.commercetools.com\\"]
  --accessToken                   CTP client access token
                                  Required scopes: ['view_products']    [string]
  --template, -t                  CSV file containing your header that defines
                                  what you want to export.
  --input, -i                     Path from which to read product chunks.
                                                              [default: \\"stdin\\"]
  --output, -o                    Path to output    [string] [default: \\"stdout\\"]
  --referenceCategoryBy           Define which identifier should be used for the
                                  categories column.
           [choices: \\"name\\", \\"key\\", \\"externalId\\", \\"namedPath\\"] [default: \\"name\\"]
  --referenceCategoryOrderHintBy  Define which identifier should be used for the
                                  categoryOrderHints column.
           [choices: \\"name\\", \\"key\\", \\"externalId\\", \\"namedPath\\"] [default: \\"name\\"]
  --fillAllRows                   Define if product attributes like name should
                                  be added to each variant row.        [boolean]
  --onlyMasterVariants            Export only masterVariants from products.
                                                      [boolean] [default: false]
  --language, -l                  Language used for localised attributes such as
                                  category names.       [string] [default: \\"en\\"]
  --delimiter, -d                 Used template CSV delimiter.    [default: \\",\\"]
  --multiValueDelimiter, -m       Used delimiter in multiValue fields.
                                                                  [default: \\";\\"]
  --encoding, -e                  Encoding used when saving data to output file
                                                      [string] [default: \\"utf8\\"]
  --logLevel                      Logging level: error, warn, info or debug
                                                      [string] [default: \\"info\\"]
  --prettyLogs                    Pretty print logs to the terminal    [boolean]
  --logFile                       Path to file where logs should be saved
                                  [string] [default: \\"product-json-to-xlsx.log\\"]
"
`;
