// Jest Snapshot v1, https://goo.gl/fbAQLP

exports[`Resource Deleter CLI basic functionality should print usage information given the help flag 1`] = `
"
Usage: resource-deleter [options]
Delete resources from the commercetools platform

Options:
  --help            Show help                                          [boolean]
  --version         Show version number                                [boolean]
  --output, -o      Path to output file.                     [default: \\"stdout\\"]
  --apiUrl          The host URL of the HTTP API service.
                                              [default: \\"https://api.sphere.io\\"]
  --authUrl         The host URL of the OAuth API service.
                                             [default: \\"https://auth.sphere.io\\"]
  --accessToken     CTP client access token.
                    Required scopes: ['manage_products', 'manage_customers',
                    'manage_types']
  --projectKey, -p  API project key.                                  [required]
  --resource, -r    Resource that need to be deleted.                 [required]
  --confirm, -c     Confirm the resource to delete. [boolean] [default: \\"false\\"]
  --where, -w       Specify where predicate.
  --logLevel        Logging level: error, warn, info or debug. [default: \\"info\\"]
  --prettyLogs      Pretty print logs to the terminal                  [boolean]
  --logFile         Path to where to save logs file.
                              [string] [default: \\"resources-deleted-report.log\\"]
"
`;
